<?xml version="1.0" encoding="UTF-8"?>
<testsuites name="jest tests" tests="1" failures="0" time="2.638">
  <testsuite name="Header" errors="0" failures="0" skipped="0" timestamp="2019-06-16T09:41:08" time="1.07" tests="1">
    <testcase classname="Header renders the h1 title" name="Header renders the h1 title" time="0.017">
    </testcase>
  </testsuite>
</testsuites>